// Jest Snapshot v1, https://goo.gl/fbAQLP

exports[`a pagina de configuração deverá ser renderizada corretamente 1`] = `
<div>
  <form>
    <input
      name="participante"
      placeholder="Insira os nomes dos participantes"
      type="text"
      value=""
    />
    <button
      disabled=""
    >
      adicionar
    </button>
    
  </form>
  <ul />
  <footer>
    <button
      disabled=""
    >
      Começar brincadeira
    </button>
  </footer>
</div>
`;
