// Jest Snapshot v1, https://goo.gl/fbAQLP

exports[`a pagina de configuração deverá ser renderizada corretamente 1`] = `
<div>
  <div
    class="card"
  >
    <section
      class="secao"
    >
      <h2>
        Vamos Começar!
      </h2>
      <form>
        <div
          class="inputGroup"
        >
          <input
            name="participante"
            placeholder="Insira os nomes dos participantes"
            type="text"
            value=""
          />
          <button
            disabled=""
          >
            adicionar
          </button>
        </div>
        
      </form>
      <ul
        class="listaParticipantes"
      />
      <footer
        class="rodape"
      >
        <button
          disabled=""
        >
          Começar brincadeira
        </button>
        <img
          alt="Sacolas de compras"
          src="sacolas.png"
        />
      </footer>
    </section>
  </div>
</div>
`;
